// Jest Snapshot v1, https://goo.gl/fbAQLP

exports[`@keen.io/ui-core - <CircleButton /> should render CircleButton secondary variant 1`] = `
.c0 {
  display: -webkit-box;
  display: -webkit-flex;
  display: -ms-flexbox;
  display: flex;
  -webkit-text-decoration: none;
  text-decoration: none;
  border-radius: 50%;
  padding: 0;
  width: 37px;
  height: 37px;
  outline: none;
  border: none;
  cursor: pointer;
  -webkit-align-items: center;
  -webkit-box-align: center;
  -ms-flex-align: center;
  align-items: center;
  -webkit-box-pack: center;
  -webkit-justify-content: center;
  -ms-flex-pack: center;
  justify-content: center;
  -webkit-transition: color 0.15s ease-in-out,background-color 0.15s ease-in-out, border-color 0.15s ease-in-out,box-shadow 0.15s ease-in-out, -webkit-box-shadow 0.15s ease-in-out;
  transition: color 0.15s ease-in-out,background-color 0.15s ease-in-out, border-color 0.15s ease-in-out,box-shadow 0.15s ease-in-out, -webkit-box-shadow 0.15s ease-in-out;
  background-color: #27566D;
  border-color: #27566D;
  box-shadow: 0 2px 4px 0 rgba(29,39,41,0.15);
}

.c0:hover {
  -webkit-text-decoration: none;
  text-decoration: none;
  box-shadow: 'none';
}

.c0:hover {
  background-color: #31627A;
}

.c1 {
  display: -webkit-box;
  display: -webkit-flex;
  display: -ms-flexbox;
  display: flex;
  -webkit-align-items: center;
  -webkit-box-align: center;
  -ms-flex-align: center;
  align-items: center;
}

<button
  class="c0"
  data-testid="circle-button"
  type="button"
>
  <div
    class="c1"
  />
</button>
`;
