// Jest Snapshot v1, https://goo.gl/fbAQLP

exports[`<ColorScale /> should render ColorScale with discrete mode 1`] = `
<Fragment>
  <styled.div
    background="yellow"
    key="yellow"
  />
  <styled.div
    background="green"
    key="green"
  />
  <styled.div
    background="red"
    key="red"
  />
</Fragment>
`;

exports[`<ColorScale /> should render ColorScale with gradient 1`] = `
<Fragment>
  <styled.div
    endColor="#CB5623"
    startColor="#85B4C3"
  />
</Fragment>
`;
