// Jest Snapshot v1, https://goo.gl/fbAQLP

exports[`@keen.io/charts <GaugeChart /> - utils should calculate "path" for arc mask 1`] = `"M39.26508733790656,-7.632359815061794A40,40,0,0,1,39.26508733790656,7.632359815061794L18.650916485505615,3.6253709121543523A19,19,0,0,0,18.650916485505615,-3.6253709121543523Z"`;
