// Jest Snapshot v1, https://goo.gl/fbAQLP

exports[`formats toolip displayed as a list 1`] = `
Object {
  "asFragment": [Function],
  "baseElement": <body>
    <div>
      <div
        data-testid="bar-tooltip"
      >
        <ul
          class="sc-fznyAO jnstRf"
        >
          <li
            class="sc-fznKkj cEsaz"
          >
            <div
              class="sc-fznZeY LHfpP"
              color="#85B4C3"
            />
            <div
              class="sc-AxjAm ldjeaj"
            >
              $2 (3.39%)
            </div>
          </li>
          <li
            class="sc-fznKkj cEsaz"
          >
            <div
              class="sc-fznZeY eIskkf"
              color="#CB5623"
            />
            <div
              class="sc-AxjAm ldjeaj"
            >
              $11 (18.64%)
            </div>
          </li>
          <li
            class="sc-fznKkj cEsaz"
          >
            <div
              class="sc-fznZeY jFjnNA"
              color="#E29B1E"
            />
            <div
              class="sc-AxjAm ldjeaj"
            >
              $1 (1.69%)
            </div>
          </li>
          <li
            class="sc-fznKkj cEsaz"
          >
            <div
              class="sc-fznZeY uRBmM"
              color="#487650"
            />
            <div
              class="sc-AxjAm ldjeaj"
            >
              $45 (76.27%)
            </div>
          </li>
          <li
            class="sc-fznKkj cEsaz"
          >
            <div
              class="sc-fznZeY kPUROk"
              color="#27566D"
            />
            <div
              class="sc-AxjAm ldjeaj"
            >
              $0 (0.00%)
            </div>
          </li>
        </ul>
      </div>
    </div>
  </body>,
  "container": <div>
    <div
      data-testid="bar-tooltip"
    >
      <ul
        class="sc-fznyAO jnstRf"
      >
        <li
          class="sc-fznKkj cEsaz"
        >
          <div
            class="sc-fznZeY LHfpP"
            color="#85B4C3"
          />
          <div
            class="sc-AxjAm ldjeaj"
          >
            $2 (3.39%)
          </div>
        </li>
        <li
          class="sc-fznKkj cEsaz"
        >
          <div
            class="sc-fznZeY eIskkf"
            color="#CB5623"
          />
          <div
            class="sc-AxjAm ldjeaj"
          >
            $11 (18.64%)
          </div>
        </li>
        <li
          class="sc-fznKkj cEsaz"
        >
          <div
            class="sc-fznZeY jFjnNA"
            color="#E29B1E"
          />
          <div
            class="sc-AxjAm ldjeaj"
          >
            $1 (1.69%)
          </div>
        </li>
        <li
          class="sc-fznKkj cEsaz"
        >
          <div
            class="sc-fznZeY uRBmM"
            color="#487650"
          />
          <div
            class="sc-AxjAm ldjeaj"
          >
            $45 (76.27%)
          </div>
        </li>
        <li
          class="sc-fznKkj cEsaz"
        >
          <div
            class="sc-fznZeY kPUROk"
            color="#27566D"
          />
          <div
            class="sc-AxjAm ldjeaj"
          >
            $0 (0.00%)
          </div>
        </li>
      </ul>
    </div>
  </div>,
  "debug": [Function],
  "findAllByAltText": [Function],
  "findAllByDisplayValue": [Function],
  "findAllByLabelText": [Function],
  "findAllByPlaceholderText": [Function],
  "findAllByRole": [Function],
  "findAllByTestId": [Function],
  "findAllByText": [Function],
  "findAllByTitle": [Function],
  "findByAltText": [Function],
  "findByDisplayValue": [Function],
  "findByLabelText": [Function],
  "findByPlaceholderText": [Function],
  "findByRole": [Function],
  "findByTestId": [Function],
  "findByText": [Function],
  "findByTitle": [Function],
  "getAllByAltText": [Function],
  "getAllByDisplayValue": [Function],
  "getAllByLabelText": [Function],
  "getAllByPlaceholderText": [Function],
  "getAllByRole": [Function],
  "getAllByTestId": [Function],
  "getAllByText": [Function],
  "getAllByTitle": [Function],
  "getByAltText": [Function],
  "getByDisplayValue": [Function],
  "getByLabelText": [Function],
  "getByPlaceholderText": [Function],
  "getByRole": [Function],
  "getByTestId": [Function],
  "getByText": [Function],
  "getByTitle": [Function],
  "queryAllByAltText": [Function],
  "queryAllByDisplayValue": [Function],
  "queryAllByLabelText": [Function],
  "queryAllByPlaceholderText": [Function],
  "queryAllByRole": [Function],
  "queryAllByTestId": [Function],
  "queryAllByText": [Function],
  "queryAllByTitle": [Function],
  "queryByAltText": [Function],
  "queryByDisplayValue": [Function],
  "queryByLabelText": [Function],
  "queryByPlaceholderText": [Function],
  "queryByRole": [Function],
  "queryByTestId": [Function],
  "queryByText": [Function],
  "queryByTitle": [Function],
  "rerender": [Function],
  "unmount": [Function],
}
`;
