// Jest Snapshot v1, https://goo.gl/fbAQLP

exports[`<AxisTitle /> should render AxisTitle 1`] = `
<svg>
  <AxisTitle
    x={
      Object {
        "value": "xTitle",
      }
    }
    y={
      Object {
        "value": "yTitle",
      }
    }
  >
    <Title
      axisTitle={
        Object {
          "value": "xTitle",
        }
      }
      orientation="horizontal"
    >
      <text
        fill="currentColor"
        style={Object {}}
        textAnchor="middle"
        x={50}
        y={140}
      >
        xTitle
      </text>
    </Title>
    <Title
      axisTitle={
        Object {
          "value": "yTitle",
        }
      }
      orientation="vertical"
    >
      <text
        fill="currentColor"
        style={
          Object {
            "transform": "rotate(-90deg)",
          }
        }
        textAnchor="middle"
        x={-50}
        y={-50}
      >
        yTitle
      </text>
    </Title>
  </AxisTitle>
</svg>
`;
