// Jest Snapshot v1, https://goo.gl/fbAQLP

exports[`<Heatmap /> - utils generateHorizontalBlocks() should calculate blocks and apply colors 1`] = `
Array [
  Object {
    "color": "rgb(255, 255, 255)",
    "height": 123.33333333333333,
    "key": "0.sale.block",
    "selector": Array [
      0,
      "sale",
    ],
    "width": 160,
    "x": 10,
    "y": 256.66666666666663,
  },
  Object {
    "color": "rgb(162, 209, 162)",
    "height": 123.33333333333333,
    "key": "1.sale.block",
    "selector": Array [
      1,
      "sale",
    ],
    "width": 160,
    "x": 170,
    "y": 256.66666666666663,
  },
  Object {
    "color": "rgb(255, 255, 255)",
    "height": 123.33333333333333,
    "key": "2.sale.block",
    "selector": Array [
      2,
      "sale",
    ],
    "width": 160,
    "x": 330,
    "y": 256.66666666666663,
  },
  Object {
    "color": "rgb(170, 213, 170)",
    "height": 123.33333333333333,
    "key": "0.buy.block",
    "selector": Array [
      0,
      "buy",
    ],
    "width": 160,
    "x": 10,
    "y": 133.33333333333331,
  },
  Object {
    "color": "rgb(232, 243, 232)",
    "height": 123.33333333333333,
    "key": "1.buy.block",
    "selector": Array [
      1,
      "buy",
    ],
    "width": 160,
    "x": 170,
    "y": 133.33333333333331,
  },
  Object {
    "color": "rgb(170, 213, 170)",
    "height": 123.33333333333333,
    "key": "2.buy.block",
    "selector": Array [
      2,
      "buy",
    ],
    "width": 160,
    "x": 330,
    "y": 133.33333333333331,
  },
  Object {
    "color": "rgb(23, 140, 23)",
    "height": 123.33333333333333,
    "key": "0.revenue.block",
    "selector": Array [
      0,
      "revenue",
    ],
    "width": 160,
    "x": 10,
    "y": 10,
  },
  Object {
    "color": "rgb(93, 174, 93)",
    "height": 123.33333333333333,
    "key": "1.revenue.block",
    "selector": Array [
      1,
      "revenue",
    ],
    "width": 160,
    "x": 170,
    "y": 10,
  },
  Object {
    "color": "rgb(23, 140, 23)",
    "height": 123.33333333333333,
    "key": "2.revenue.block",
    "selector": Array [
      2,
      "revenue",
    ],
    "width": 160,
    "x": 330,
    "y": 10,
  },
]
`;

exports[`<Heatmap /> - utils generateVerticalBlocks() should calculate blocks and apply colors 1`] = `
Array [
  Object {
    "color": "rgb(255, 255, 255)",
    "height": 123.33333333333333,
    "key": "0.sale.block",
    "selector": Array [
      0,
      "sale",
    ],
    "width": 160,
    "x": 10,
    "y": 256.66666666666663,
  },
  Object {
    "color": "rgb(162, 209, 162)",
    "height": 123.33333333333333,
    "key": "1.sale.block",
    "selector": Array [
      1,
      "sale",
    ],
    "width": 160,
    "x": 10,
    "y": 133.33333333333331,
  },
  Object {
    "color": "rgb(255, 255, 255)",
    "height": 123.33333333333333,
    "key": "2.sale.block",
    "selector": Array [
      2,
      "sale",
    ],
    "width": 160,
    "x": 10,
    "y": 10,
  },
  Object {
    "color": "rgb(170, 213, 170)",
    "height": 123.33333333333333,
    "key": "0.buy.block",
    "selector": Array [
      0,
      "buy",
    ],
    "width": 160,
    "x": 170,
    "y": 256.66666666666663,
  },
  Object {
    "color": "rgb(232, 243, 232)",
    "height": 123.33333333333333,
    "key": "1.buy.block",
    "selector": Array [
      1,
      "buy",
    ],
    "width": 160,
    "x": 170,
    "y": 133.33333333333331,
  },
  Object {
    "color": "rgb(170, 213, 170)",
    "height": 123.33333333333333,
    "key": "2.buy.block",
    "selector": Array [
      2,
      "buy",
    ],
    "width": 160,
    "x": 170,
    "y": 10,
  },
  Object {
    "color": "rgb(23, 140, 23)",
    "height": 123.33333333333333,
    "key": "0.revenue.block",
    "selector": Array [
      0,
      "revenue",
    ],
    "width": 160,
    "x": 330,
    "y": 256.66666666666663,
  },
  Object {
    "color": "rgb(93, 174, 93)",
    "height": 123.33333333333333,
    "key": "1.revenue.block",
    "selector": Array [
      1,
      "revenue",
    ],
    "width": 160,
    "x": 330,
    "y": 133.33333333333331,
  },
  Object {
    "color": "rgb(23, 140, 23)",
    "height": 123.33333333333333,
    "key": "2.revenue.block",
    "selector": Array [
      2,
      "revenue",
    ],
    "width": 160,
    "x": 330,
    "y": 10,
  },
]
`;
