// Jest Snapshot v1, https://goo.gl/fbAQLP

exports[`@keen.io/ui-core - <Button /> should apply styles for button with "primary" variant 1`] = `
.c0 {
  display: -webkit-box;
  display: -webkit-flex;
  display: -ms-flexbox;
  display: flex;
  font-size: 15px;
  font-family: 'Lato Bold',sans-serif;
  -webkit-text-decoration: none;
  text-decoration: none;
  border-radius: 22.5px;
  padding: 0 25px;
  outline: none;
  border: none;
  cursor: pointer;
  -webkit-align-items: center;
  -webkit-box-align: center;
  -ms-flex-align: center;
  align-items: center;
  -webkit-transition: color 0.15s ease-in-out,background-color 0.15s ease-in-out, border-color 0.15s ease-in-out,box-shadow 0.15s ease-in-out, -webkit-box-shadow 0.15s ease-in-out;
  transition: color 0.15s ease-in-out,background-color 0.15s ease-in-out, border-color 0.15s ease-in-out,box-shadow 0.15s ease-in-out, -webkit-box-shadow 0.15s ease-in-out;
  background-color: #F0AB30;
  border-color: #F0AB30;
  color: #1D2729;
  height: 42px;
}

.c0:focus {
  box-shadow: 0 0 0 0.2rem rgba(218,165,80,.5);
}

.c0:hover {
  color: #273437;
  background-color: #E29B1E;
}

<Component
  variant="primary"
>
  <styled.button
    isDisabled={false}
    onClick={[Function]}
    size="default"
    type="button"
    variant="primary"
  >
    <button
      className="c0"
      onClick={[Function]}
      size="default"
      type="button"
    >
      <span>
        Sign up
      </span>
    </button>
  </styled.button>
</Component>
`;
