// Jest Snapshot v1, https://goo.gl/fbAQLP

exports[`apply "timeModifier" for minute precision 1`] = `
Array [
  2020-01-06T15:00:00.000Z,
  2020-01-06T15:01:00.000Z,
  2020-01-06T15:02:00.000Z,
  2020-01-06T15:03:00.000Z,
  2020-01-06T15:04:00.000Z,
  2020-01-06T15:05:00.000Z,
  2020-01-06T15:06:00.000Z,
  2020-01-06T15:07:00.000Z,
  2020-01-06T15:08:00.000Z,
  2020-01-06T15:09:00.000Z,
  2020-01-06T15:10:00.000Z,
]
`;

exports[`apply "timeModifier" for month precision 1`] = `
Array [
  2020-01-01T00:00:00.000Z,
  2020-02-01T00:00:00.000Z,
  2020-03-01T00:00:00.000Z,
  2020-04-01T00:00:00.000Z,
  2020-05-01T00:00:00.000Z,
  2020-06-01T00:00:00.000Z,
  2020-07-01T00:00:00.000Z,
  2020-07-31T22:00:00.000Z,
]
`;

exports[`apply "timeModifier" for week precision 1`] = `
Array [
  2020-01-05T00:00:00.000Z,
  2020-01-12T00:00:00.000Z,
  2020-01-19T00:00:00.000Z,
  2020-01-26T00:00:00.000Z,
  2020-01-29T23:00:00.000Z,
]
`;

exports[`apply "timeModifier" for year precision 1`] = `
Array [
  2015-01-01T00:00:00.000Z,
  2016-01-01T00:00:00.000Z,
  2017-01-01T00:00:00.000Z,
  2018-01-01T00:00:00.000Z,
  2019-01-01T00:00:00.000Z,
  2019-12-31T23:00:00.000Z,
]
`;

exports[`returns ticks for linear scale 1`] = `
Array [
  0,
  1,
  2,
  3,
  4,
  5,
  6,
  7,
  8,
  9,
  10,
]
`;
